[2026-08-24 13:57:29] [INFO]    [OmnipathR] Welcome to OmnipathR!
[2026-08-24 13:57:29] [INFO]    [OmnipathR] OmnipathR version: 3.14.0
[2026-08-24 13:57:29] [TRACE]   [OmnipathR] Reading JSON from `C:\Users\qmiagoux\AppData\Local\Cache\OmnipathR/cache.json` (encoding: UTF-8).
[2026-08-24 13:57:29] [TRACE]   [OmnipathR] JSON validation successful: TRUE
[2026-08-24 13:57:29] [INFO]    [OmnipathR] Initialized cache: `C:\Users\qmiagoux\AppData\Local\Cache\OmnipathR`.
[2026-08-24 13:57:29] [TRACE]   [OmnipathR] Reading JSON from `C:/Users/qmiagoux/AppData/Local/R/win-library/4.4/OmnipathR/db/db_def.json` (encoding: UTF-8).
[2026-08-24 13:57:29] [TRACE]   [OmnipathR] JSON validation successful: TRUE
[2026-08-24 13:57:29] [TRACE]   [OmnipathR] Reading JSON from `C:/Users/qmiagoux/AppData/Local/R/win-library/4.4/OmnipathR/internal/magic_bytes.json` (encoding: UTF-8).
[2026-08-24 13:57:29] [TRACE]   [OmnipathR] JSON validation successful: TRUE
[2026-08-24 13:57:29] [TRACE]   [OmnipathR] Reading JSON from `C:/Users/qmiagoux/AppData/Local/R/win-library/4.4/OmnipathR/internal/urls.json` (encoding: UTF-8).
[2026-08-24 13:57:29] [TRACE]   [OmnipathR] JSON validation successful: TRUE
[2026-08-24 13:57:29] [TRACE]   [OmnipathR] Reading JSON from `C:/Users/qmiagoux/AppData/Local/R/win-library/4.4/OmnipathR/internal/id_types.json` (encoding: UTF-8).
[2026-08-24 13:57:29] [TRACE]   [OmnipathR] JSON validation successful: TRUE
[2026-08-24 13:57:29] [INFO]    [OmnipathR] Loading database `Ensembl and OMA organism names`.
[2026-08-24 13:57:29] [INFO]    [OmnipathR] Looking up in cache `https://www.ensembl.org/info/about/species.html`: key=7332486db7400730697234bad76ca0c8e4d00799, latest version=1.
[2026-08-24 13:57:29] [TRACE]   [OmnipathR] Cache file path: C:\Users\qmiagoux\AppData\Local\Cache\OmnipathR/7332486db7400730697234bad76ca0c8e4d00799-1.html
[2026-08-24 13:57:29] [TRACE]   [OmnipathR] Looking up in cache: `https://omabrowser.org/All/oma-species.txt`.
[2026-08-24 13:57:29] [TRACE]   [OmnipathR] Loaded data from RDS `C:\Users\qmiagoux\AppData\Local\Cache\OmnipathR/30e690cbb55dfc63b5903ab337f34ffc2f4be397-1.rds`.
[2026-08-24 13:57:29] [INFO]    [OmnipathR] Loaded database `Ensembl and OMA organism names`.
[2026-08-24 13:57:29] [TRACE]   [OmnipathR] Arguments for OmniPath query: [loops=TRUE,organisms=9606,genesymbols=TRUE,query_type=interactions,datasets=collectri]
[2026-08-24 13:57:29] [TRACE]   [OmnipathR] Organism(s): 9606
[2026-08-24 13:57:29] [TRACE]   [OmnipathR] Orthology targets: 
[2026-08-24 13:57:29] [TRACE]   [OmnipathR] Looking up in cache: `https://omnipathdb.org/interactions?genesymbols=yes&datasets=collectri&organisms=9606&fields=sources,references,curation_effort&loops=yes&license=academic`
[2026-08-24 13:57:29] [TRACE]   [OmnipathR] Loaded data from RDS `C:\Users\qmiagoux\AppData\Local\Cache\OmnipathR/b10176737ba43d460b13709623189f3911123779-1.rds`.
[2026-08-24 13:57:29] [INFO]    [OmnipathR] Loaded from cache: `https://omnipathdb.org/interactions?genesymbols=yes&datasets=collectri&organisms=9606&fields=sources,references,curation_effort&loops=yes&license=academic`
[2026-08-24 13:57:30] [SUCCESS] [OmnipathR] Loaded 64958 interactions from cache.
[2026-08-24 13:57:30] [TRACE]   [OmnipathR] Arguments for OmniPath query: [genesymbols=TRUE,resources=CollecTRI,strict_evidences=TRUE,query_type=interactions,datasets=tf_mirna]
[2026-08-24 13:57:30] [TRACE]   [OmnipathR] Organism(s): 9606
[2026-08-24 13:57:30] [TRACE]   [OmnipathR] Orthology targets: 
[2026-08-24 13:57:31] [TRACE]   [OmnipathR] Reading JSON from `https://omnipathdb.org/resources` (encoding: UTF-8).
[2026-08-24 13:57:31] [TRACE]   [OmnipathR] JSON validation successful: TRUE
[2026-08-24 13:57:31] [TRACE]   [OmnipathR] Looking up in cache: `https://omnipathdb.org/interactions?genesymbols=yes&resources=CollecTRI&datasets=tf_mirna&organisms=9606&fields=evidences,sources,references,curation_effort&license=academic`
[2026-08-24 13:57:31] [TRACE]   [OmnipathR] Loaded data from RDS `C:\Users\qmiagoux\AppData\Local\Cache\OmnipathR/f7d34500401ba98803b7d2b26c48f64cee1eea1b-1.rds`.
[2026-08-24 13:57:31] [INFO]    [OmnipathR] Loaded from cache: `https://omnipathdb.org/interactions?genesymbols=yes&resources=CollecTRI&datasets=tf_mirna&organisms=9606&fields=evidences,sources,references,curation_effort&license=academic`
[2026-08-24 13:57:31] [TRACE]   [OmnipathR] Converting JSON column `evidences` to list.
[2026-08-24 13:57:31] [TRACE]   [OmnipathR] Restricting interaction records to datasets: tf_mirna; and resources: CollecTRI
[2026-08-24 13:57:31] [TRACE]   [OmnipathR] Filtering evidence columns: positive, negative, directed, undirected; to datasets: tf_mirna; and resources: CollecTRI; excluding resources: none
[2026-08-24 13:57:31] [SUCCESS] [OmnipathR] Downloaded 232 interactions.
[2026-08-24 15:26:58] [TRACE]   [OmnipathR] Arguments for OmniPath query: [loops=TRUE,organisms=9606,genesymbols=TRUE,query_type=interactions,datasets=collectri]
[2026-08-24 15:26:58] [TRACE]   [OmnipathR] Organism(s): 9606
[2026-08-24 15:26:58] [TRACE]   [OmnipathR] Orthology targets: 
[2026-08-24 15:26:58] [TRACE]   [OmnipathR] Looking up in cache: `https://omnipathdb.org/interactions?genesymbols=yes&datasets=collectri&organisms=9606&fields=sources,references,curation_effort&loops=yes&license=academic`
[2026-08-24 15:26:58] [TRACE]   [OmnipathR] Loaded data from RDS `C:\Users\qmiagoux\AppData\Local\Cache\OmnipathR/b10176737ba43d460b13709623189f3911123779-1.rds`.
[2026-08-24 15:26:58] [INFO]    [OmnipathR] Loaded from cache: `https://omnipathdb.org/interactions?genesymbols=yes&datasets=collectri&organisms=9606&fields=sources,references,curation_effort&loops=yes&license=academic`
[2026-08-24 15:26:59] [SUCCESS] [OmnipathR] Loaded 64958 interactions from cache.
[2026-08-24 15:26:59] [TRACE]   [OmnipathR] Arguments for OmniPath query: [genesymbols=TRUE,resources=CollecTRI,strict_evidences=TRUE,query_type=interactions,datasets=tf_mirna]
[2026-08-24 15:26:59] [TRACE]   [OmnipathR] Organism(s): 9606
[2026-08-24 15:26:59] [TRACE]   [OmnipathR] Orthology targets: 
[2026-08-24 15:26:59] [TRACE]   [OmnipathR] Reading JSON from `https://omnipathdb.org/resources` (encoding: UTF-8).
[2026-08-24 15:26:59] [TRACE]   [OmnipathR] JSON validation successful: TRUE
[2026-08-24 15:26:59] [TRACE]   [OmnipathR] Looking up in cache: `https://omnipathdb.org/interactions?genesymbols=yes&resources=CollecTRI&datasets=tf_mirna&organisms=9606&fields=evidences,sources,references,curation_effort&license=academic`
[2026-08-24 15:26:59] [TRACE]   [OmnipathR] Loaded data from RDS `C:\Users\qmiagoux\AppData\Local\Cache\OmnipathR/f7d34500401ba98803b7d2b26c48f64cee1eea1b-1.rds`.
[2026-08-24 15:26:59] [INFO]    [OmnipathR] Loaded from cache: `https://omnipathdb.org/interactions?genesymbols=yes&resources=CollecTRI&datasets=tf_mirna&organisms=9606&fields=evidences,sources,references,curation_effort&license=academic`
[2026-08-24 15:26:59] [TRACE]   [OmnipathR] Converting JSON column `evidences` to list.
[2026-08-24 15:27:00] [TRACE]   [OmnipathR] Restricting interaction records to datasets: tf_mirna; and resources: CollecTRI
[2026-08-24 15:27:00] [TRACE]   [OmnipathR] Filtering evidence columns: positive, negative, directed, undirected; to datasets: tf_mirna; and resources: CollecTRI; excluding resources: none
[2026-08-24 15:27:00] [SUCCESS] [OmnipathR] Downloaded 232 interactions.
